[0m19:53:10.085637 [debug] [MainThread]: Sending event: {'category': 'dbt', 'action': 'invocation', 'label': 'start', 'context': [<snowplow_tracker.self_describing_json.SelfDescribingJson object at 0x105b00b80>, <snowplow_tracker.self_describing_json.SelfDescribingJson object at 0x1075ffc40>, <snowplow_tracker.self_describing_json.SelfDescribingJson object at 0x1075ffb50>]}


============================== 19:53:10.089558 | f0fdcfdb-f0fd-45d0-86e3-110e551b3c8b ==============================
[0m19:53:10.089558 [info ] [MainThread]: Running with dbt=1.11.7
[0m19:53:10.090009 [debug] [MainThread]: running dbt with arguments {'use_experimental_parser': 'False', 'warn_error_options': 'WarnErrorOptionsV2(error=[], warn=[], silence=[])', 'quiet': 'False', 'static_parser': 'True', 'write_json': 'True', 'partial_parse': 'True', 'use_colors': 'True', 'invocation_command': 'dbt init jaffle_shop', 'version_check': 'True', 'warn_error': 'None', 'log_cache_events': 'False', 'send_anonymous_usage_stats': 'True', 'cache_selected_only': 'False', 'debug': 'False', 'log_path': 'logs', 'target_path': 'None', 'fail_fast': 'False', 'empty': 'None', 'profiles_dir': '/Users/yannisshen/.dbt', 'indirect_selection': 'eager', 'introspect': 'True', 'no_print': 'None', 'printer_width': '80', 'log_format': 'default'}
[0m19:53:10.100271 [info ] [MainThread]: Creating dbt configuration folder at /Users/yannisshen/.dbt
[0m19:53:10.101371 [debug] [MainThread]: Starter project path: /Users/yannisshen/anaconda3/envs/bigdata/lib/python3.10/site-packages/dbt/include/starter_project
[0m19:53:10.105919 [info ] [MainThread]: 
Your new dbt project "jaffle_shop" was created!

For more information on how to configure the profiles.yml file,
please consult the dbt documentation here:

  https://docs.getdbt.com/docs/configure-your-profile

One more thing:

Need help? Don't hesitate to reach out to us via GitHub issues or on Slack:

  https://community.getdbt.com/

Happy modeling!

[0m19:53:10.106223 [info ] [MainThread]: Setting up your profile.
[0m19:53:58.470408 [debug] [MainThread]: Snowflake adapter: Setting snowflake.connector to ERROR (file logging only)
[0m19:53:58.471023 [debug] [MainThread]: Snowflake adapter: Setting botocore to ERROR (file logging only)
[0m19:53:58.471266 [debug] [MainThread]: Snowflake adapter: Setting boto3 to ERROR (file logging only)
[0m19:58:05.236345 [info ] [MainThread]: Profile jaffle_shop written to /Users/yannisshen/.dbt/profiles.yml using target's profile_template.yml and your supplied values. Run 'dbt debug' to validate the connection.
[0m19:58:05.251160 [debug] [MainThread]: Resource report: {"command_name": "init", "command_success": true, "command_wall_clock_time": 295.20715, "process_in_blocks": "0", "process_kernel_time": 0.864826, "process_mem_max_rss": "182730752", "process_out_blocks": "0", "process_user_time": 2.860493}
[0m19:58:05.263293 [debug] [MainThread]: Command `dbt init` succeeded at 19:58:05.261843 after 295.22 seconds
[0m19:58:05.270030 [debug] [MainThread]: Sending event: {'category': 'dbt', 'action': 'invocation', 'label': 'end', 'context': [<snowplow_tracker.self_describing_json.SelfDescribingJson object at 0x105b00b80>, <snowplow_tracker.self_describing_json.SelfDescribingJson object at 0x10758c880>, <snowplow_tracker.self_describing_json.SelfDescribingJson object at 0x1075feda0>]}
[0m19:58:05.273234 [debug] [MainThread]: Flushing usage events
[0m19:58:05.702905 [debug] [MainThread]: An error was encountered while trying to flush usage events
